18:35:26 **** Incremental Build of configuration Debug for project H_BridgeDriver ****
make all 
make: Nothing to be done for 'all'.
18:35:29 **** Incremental Build of configuration Debug for project H_BridgeDriver ****
make all 
make: Nothing to be done for 'all'.
18:35:43 **** Incremental Build of configuration Debug for project H_BridgeDriver ****
make all 
make: Nothing to be done for 'all'.
22:23:42 **** Incremental Build of configuration Debug for project H_BridgeDriver ****
make all 
Building file: ../Src/main.c
Invoking: MCU GCC Compiler
C:\Students\Bennyaw\SMPS\H-Bridge\H_BridgeDriver\Debug
arm-none-eabi-gcc -mcpu=cortex-m3 -mthumb -mfloat-abi=soft '-D__weak=__attribute__((weak))' '-D__packed=__attribute__((__packed__))' -DUSE_HAL_DRIVER -DSTM32F103xB -I"C:/Students/Bennyaw/SMPS/H-Bridge/H_BridgeDriver/Inc" -I"C:/Students/Bennyaw/SMPS/H-Bridge/H_BridgeDriver/Drivers/STM32F1xx_HAL_Driver/Inc" -I"C:/Students/Bennyaw/SMPS/H-Bridge/H_BridgeDriver/Drivers/STM32F1xx_HAL_Driver/Inc/Legacy" -I"C:/Students/Bennyaw/SMPS/H-Bridge/H_BridgeDriver/Drivers/CMSIS/Device/ST/STM32F1xx/Include" -I"C:/Students/Bennyaw/SMPS/H-Bridge/H_BridgeDriver/Drivers/CMSIS/Include"  -Og -g3 -Wall -fmessage-length=0 -ffunction-sections -c -fmessage-length=0 -MMD -MP -MF"Src/main.d" -MT"Src/main.o" -o "Src/main.o" "../Src/main.c"
Finished building: ../Src/main.c
 
Building target: H_BridgeDriver.elf
Invoking: MCU GCC Linker
arm-none-eabi-gcc -mcpu=cortex-m3 -mthumb -mfloat-abi=soft -specs=nosys.specs -specs=nano.specs -T"../STM32F103C8Tx_FLASH.ld" -Wl,-Map=output.map -Wl,--gc-sections -o "H_BridgeDriver.elf" @"objects.list"   -lm
Finished building target: H_BridgeDriver.elf
 
make --no-print-directory post-build
Generating hex and Printing size information:
arm-none-eabi-objcopy -O ihex "H_BridgeDriver.elf" "H_BridgeDriver.hex"
arm-none-eabi-size "H_BridgeDriver.elf"
   text	   data	    bss	    dec	    hex	filename
   9896	     28	   1792	  11716	   2dc4	H_BridgeDriver.elf
 
23:20:38 **** Incremental Build of configuration Debug for project H_BridgeDriver ****
make all 
make: Nothing to be done for 'all'.
23:20:55 **** Incremental Build of configuration Debug for project H_BridgeDriver ****
make all 
make: Nothing to be done for 'all'.
18:31:04 **** Incremental Build of configuration Debug for project H_BridgeDriver ****
make all 
Building file: ../Src/main.c
Invoking: MCU GCC Compiler
C:\Students\Bennyaw\SMPS\H-Bridge\H_BridgeDriver\Debug
arm-none-eabi-gcc -mcpu=cortex-m3 -mthumb -mfloat-abi=soft '-D__weak=__attribute__((weak))' '-D__packed=__attribute__((__packed__))' -DUSE_HAL_DRIVER -DSTM32F103xB -I"C:/Students/Bennyaw/SMPS/H-Bridge/H_BridgeDriver/Inc" -I"C:/Students/Bennyaw/SMPS/H-Bridge/H_BridgeDriver/Drivers/STM32F1xx_HAL_Driver/Inc" -I"C:/Students/Bennyaw/SMPS/H-Bridge/H_BridgeDriver/Drivers/STM32F1xx_HAL_Driver/Inc/Legacy" -I"C:/Students/Bennyaw/SMPS/H-Bridge/H_BridgeDriver/Drivers/CMSIS/Device/ST/STM32F1xx/Include" -I"C:/Students/Bennyaw/SMPS/H-Bridge/H_BridgeDriver/Drivers/CMSIS/Include"  -Og -g3 -Wall -fmessage-length=0 -ffunction-sections -c -fmessage-length=0 -MMD -MP -MF"Src/main.d" -MT"Src/main.o" -o "Src/main.o" "../Src/main.c"
Finished building: ../Src/main.c
 
Building target: H_BridgeDriver.elf
Invoking: MCU GCC Linker
arm-none-eabi-gcc -mcpu=cortex-m3 -mthumb -mfloat-abi=soft -specs=nosys.specs -specs=nano.specs -T"../STM32F103C8Tx_FLASH.ld" -Wl,-Map=output.map -Wl,--gc-sections -o "H_BridgeDriver.elf" @"objects.list"   -lm
Finished building target: H_BridgeDriver.elf
 
make --no-print-directory post-build
Generating hex and Printing size information:
arm-none-eabi-objcopy -O ihex "H_BridgeDriver.elf" "H_BridgeDriver.hex"
arm-none-eabi-size "H_BridgeDriver.elf"
   text	   data	    bss	    dec	    hex	filename
   9896	     28	   1792	  11716	   2dc4	H_BridgeDriver.elf
 
22:03:58 **** Incremental Build of configuration Debug for project H_BridgeDriver ****
make all 
make: Nothing to be done for 'all'.
22:04:21 **** Incremental Build of configuration Debug for project H_BridgeDriver ****
make all 
make: Nothing to be done for 'all'.
22:06:05 **** Incremental Build of configuration Debug for project H_BridgeDriver ****
make all 
make: Nothing to be done for 'all'.
22:33:17 **** Incremental Build of configuration Debug for project H_BridgeDriver ****
make all 
Building file: ../Src/dma.c
Invoking: MCU GCC Compiler
C:\Students\Bennyaw\SMPS\H-Bridge\H_BridgeDriver\Debug
arm-none-eabi-gcc -mcpu=cortex-m3 -mthumb -mfloat-abi=soft '-D__weak=__attribute__((weak))' '-D__packed=__attribute__((__packed__))' -DUSE_HAL_DRIVER -DSTM32F103xB -I"C:/Students/Bennyaw/SMPS/H-Bridge/H_BridgeDriver/Inc" -I"C:/Students/Bennyaw/SMPS/H-Bridge/H_BridgeDriver/Drivers/STM32F1xx_HAL_Driver/Inc" -I"C:/Students/Bennyaw/SMPS/H-Bridge/H_BridgeDriver/Drivers/STM32F1xx_HAL_Driver/Inc/Legacy" -I"C:/Students/Bennyaw/SMPS/H-Bridge/H_BridgeDriver/Drivers/CMSIS/Device/ST/STM32F1xx/Include" -I"C:/Students/Bennyaw/SMPS/H-Bridge/H_BridgeDriver/Drivers/CMSIS/Include"  -Og -g3 -Wall -fmessage-length=0 -ffunction-sections -c -fmessage-length=0 -MMD -MP -MF"Src/dma.d" -MT"Src/dma.o" -o "Src/dma.o" "../Src/dma.c"
Finished building: ../Src/dma.c
 
Building file: ../Src/main.c
Invoking: MCU GCC Compiler
C:\Students\Bennyaw\SMPS\H-Bridge\H_BridgeDriver\Debug
arm-none-eabi-gcc -mcpu=cortex-m3 -mthumb -mfloat-abi=soft '-D__weak=__attribute__((weak))' '-D__packed=__attribute__((__packed__))' -DUSE_HAL_DRIVER -DSTM32F103xB -I"C:/Students/Bennyaw/SMPS/H-Bridge/H_BridgeDriver/Inc" -I"C:/Students/Bennyaw/SMPS/H-Bridge/H_BridgeDriver/Drivers/STM32F1xx_HAL_Driver/Inc" -I"C:/Students/Bennyaw/SMPS/H-Bridge/H_BridgeDriver/Drivers/STM32F1xx_HAL_Driver/Inc/Legacy" -I"C:/Students/Bennyaw/SMPS/H-Bridge/H_BridgeDriver/Drivers/CMSIS/Device/ST/STM32F1xx/Include" -I"C:/Students/Bennyaw/SMPS/H-Bridge/H_BridgeDriver/Drivers/CMSIS/Include"  -Og -g3 -Wall -fmessage-length=0 -ffunction-sections -c -fmessage-length=0 -MMD -MP -MF"Src/main.d" -MT"Src/main.o" -o "Src/main.o" "../Src/main.c"
Finished building: ../Src/main.c
 
Building file: ../Src/timer.c
Invoking: MCU GCC Compiler
C:\Students\Bennyaw\SMPS\H-Bridge\H_BridgeDriver\Debug
arm-none-eabi-gcc -mcpu=cortex-m3 -mthumb -mfloat-abi=soft '-D__weak=__attribute__((weak))' '-D__packed=__attribute__((__packed__))' -DUSE_HAL_DRIVER -DSTM32F103xB -I"C:/Students/Bennyaw/SMPS/H-Bridge/H_BridgeDriver/Inc" -I"C:/Students/Bennyaw/SMPS/H-Bridge/H_BridgeDriver/Drivers/STM32F1xx_HAL_Driver/Inc" -I"C:/Students/Bennyaw/SMPS/H-Bridge/H_BridgeDriver/Drivers/STM32F1xx_HAL_Driver/Inc/Legacy" -I"C:/Students/Bennyaw/SMPS/H-Bridge/H_BridgeDriver/Drivers/CMSIS/Device/ST/STM32F1xx/Include" -I"C:/Students/Bennyaw/SMPS/H-Bridge/H_BridgeDriver/Drivers/CMSIS/Include"  -Og -g3 -Wall -fmessage-length=0 -ffunction-sections -c -fmessage-length=0 -MMD -MP -MF"Src/timer.d" -MT"Src/timer.o" -o "Src/timer.o" "../Src/timer.c"
Finished building: ../Src/timer.c
 
Building target: H_BridgeDriver.elf
Invoking: MCU GCC Linker
arm-none-eabi-gcc -mcpu=cortex-m3 -mthumb -mfloat-abi=soft -specs=nosys.specs -specs=nano.specs -T"../STM32F103C8Tx_FLASH.ld" -Wl,-Map=output.map -Wl,--gc-sections -o "H_BridgeDriver.elf" @"objects.list"   -lm
Finished building target: H_BridgeDriver.elf
 
make --no-print-directory post-build
Generating hex and Printing size information:
arm-none-eabi-objcopy -O ihex "H_BridgeDriver.elf" "H_BridgeDriver.hex"
arm-none-eabi-size "H_BridgeDriver.elf"
   text	   data	    bss	    dec	    hex	filename
   9896	     32	   1792	  11720	   2dc8	H_BridgeDriver.elf
 
22:46:52 **** Incremental Build of configuration Debug for project H_BridgeDriver ****
make all 
Building file: ../Src/dma.c
Invoking: MCU GCC Compiler
C:\Students\Bennyaw\SMPS\H-Bridge\H_BridgeDriver\Debug
arm-none-eabi-gcc -mcpu=cortex-m3 -mthumb -mfloat-abi=soft '-D__weak=__attribute__((weak))' '-D__packed=__attribute__((__packed__))' -DUSE_HAL_DRIVER -DSTM32F103xB -I"C:/Students/Bennyaw/SMPS/H-Bridge/H_BridgeDriver/Inc" -I"C:/Students/Bennyaw/SMPS/H-Bridge/H_BridgeDriver/Drivers/STM32F1xx_HAL_Driver/Inc" -I"C:/Students/Bennyaw/SMPS/H-Bridge/H_BridgeDriver/Drivers/STM32F1xx_HAL_Driver/Inc/Legacy" -I"C:/Students/Bennyaw/SMPS/H-Bridge/H_BridgeDriver/Drivers/CMSIS/Device/ST/STM32F1xx/Include" -I"C:/Students/Bennyaw/SMPS/H-Bridge/H_BridgeDriver/Drivers/CMSIS/Include"  -Og -g3 -Wall -fmessage-length=0 -ffunction-sections -c -fmessage-length=0 -MMD -MP -MF"Src/dma.d" -MT"Src/dma.o" -o "Src/dma.o" "../Src/dma.c"
Finished building: ../Src/dma.c
 
Building file: ../Src/main.c
Invoking: MCU GCC Compiler
C:\Students\Bennyaw\SMPS\H-Bridge\H_BridgeDriver\Debug
arm-none-eabi-gcc -mcpu=cortex-m3 -mthumb -mfloat-abi=soft '-D__weak=__attribute__((weak))' '-D__packed=__attribute__((__packed__))' -DUSE_HAL_DRIVER -DSTM32F103xB -I"C:/Students/Bennyaw/SMPS/H-Bridge/H_BridgeDriver/Inc" -I"C:/Students/Bennyaw/SMPS/H-Bridge/H_BridgeDriver/Drivers/STM32F1xx_HAL_Driver/Inc" -I"C:/Students/Bennyaw/SMPS/H-Bridge/H_BridgeDriver/Drivers/STM32F1xx_HAL_Driver/Inc/Legacy" -I"C:/Students/Bennyaw/SMPS/H-Bridge/H_BridgeDriver/Drivers/CMSIS/Device/ST/STM32F1xx/Include" -I"C:/Students/Bennyaw/SMPS/H-Bridge/H_BridgeDriver/Drivers/CMSIS/Include"  -Og -g3 -Wall -fmessage-length=0 -ffunction-sections -c -fmessage-length=0 -MMD -MP -MF"Src/main.d" -MT"Src/main.o" -o "Src/main.o" "../Src/main.c"
Finished building: ../Src/main.c
 
Building file: ../Src/timer.c
Invoking: MCU GCC Compiler
C:\Students\Bennyaw\SMPS\H-Bridge\H_BridgeDriver\Debug
arm-none-eabi-gcc -mcpu=cortex-m3 -mthumb -mfloat-abi=soft '-D__weak=__attribute__((weak))' '-D__packed=__attribute__((__packed__))' -DUSE_HAL_DRIVER -DSTM32F103xB -I"C:/Students/Bennyaw/SMPS/H-Bridge/H_BridgeDriver/Inc" -I"C:/Students/Bennyaw/SMPS/H-Bridge/H_BridgeDriver/Drivers/STM32F1xx_HAL_Driver/Inc" -I"C:/Students/Bennyaw/SMPS/H-Bridge/H_BridgeDriver/Drivers/STM32F1xx_HAL_Driver/Inc/Legacy" -I"C:/Students/Bennyaw/SMPS/H-Bridge/H_BridgeDriver/Drivers/CMSIS/Device/ST/STM32F1xx/Include" -I"C:/Students/Bennyaw/SMPS/H-Bridge/H_BridgeDriver/Drivers/CMSIS/Include"  -Og -g3 -Wall -fmessage-length=0 -ffunction-sections -c -fmessage-length=0 -MMD -MP -MF"Src/timer.d" -MT"Src/timer.o" -o "Src/timer.o" "../Src/timer.c"
Finished building: ../Src/timer.c
 
Building target: H_BridgeDriver.elf
Invoking: MCU GCC Linker
arm-none-eabi-gcc -mcpu=cortex-m3 -mthumb -mfloat-abi=soft -specs=nosys.specs -specs=nano.specs -T"../STM32F103C8Tx_FLASH.ld" -Wl,-Map=output.map -Wl,--gc-sections -o "H_BridgeDriver.elf" @"objects.list"   -lm
Finished building target: H_BridgeDriver.elf
 
make --no-print-directory post-build
Generating hex and Printing size information:
arm-none-eabi-objcopy -O ihex "H_BridgeDriver.elf" "H_BridgeDriver.hex"
arm-none-eabi-size "H_BridgeDriver.elf"
   text	   data	    bss	    dec	    hex	filename
   9896	     32	   1792	  11720	   2dc8	H_BridgeDriver.elf
 
22:47:16 **** Incremental Build of configuration Debug for project H_BridgeDriver ****
make all 
make: Nothing to be done for 'all'.
22:48:28 **** Incremental Build of configuration Debug for project H_BridgeDriver ****
make all 
make: Nothing to be done for 'all'.
22:49:23 **** Incremental Build of configuration Debug for project H_BridgeDriver ****
make all 
make: Nothing to be done for 'all'.
22:50:44 **** Incremental Build of configuration Debug for project H_BridgeDriver ****
make all 
make: Nothing to be done for 'all'.
23:47:59 **** Incremental Build of configuration Debug for project H_BridgeDriver ****
make all 
make: Nothing to be done for 'all'.
23:48:08 **** Incremental Build of configuration Debug for project H_BridgeDriver ****
make all 
make: Nothing to be done for 'all'.
23:48:20 **** Incremental Build of configuration Debug for project H_BridgeDriver ****
make all 
make: Nothing to be done for 'all'.
23:48:49 **** Incremental Build of configuration Debug for project H_BridgeDriver ****
make all 
make: Nothing to be done for 'all'.
00:04:07 **** Incremental Build of configuration Debug for project H_BridgeDriver ****
make all 
make: Nothing to be done for 'all'.
17:48:32 **** Incremental Build of configuration Debug for project H_BridgeDriver ****
make all 
make: Nothing to be done for 'all'.
17:49:24 **** Incremental Build of configuration Debug for project H_BridgeDriver ****
make all 
make: Nothing to be done for 'all'.
17:49:30 **** Incremental Build of configuration Debug for project H_BridgeDriver ****
make all 
make: Nothing to be done for 'all'.
17:49:39 **** Incremental Build of configuration Debug for project H_BridgeDriver ****
make all 
make: Nothing to be done for 'all'.
17:51:11 **** Incremental Build of configuration Debug for project H_BridgeDriver ****
make all 
make: Nothing to be done for 'all'.
17:53:25 **** Incremental Build of configuration Debug for project H_BridgeDriver ****
make all 
make: Nothing to be done for 'all'.
18:01:36 **** Incremental Build of configuration Debug for project H_BridgeDriver ****
make all 
Building file: ../Src/main.c
Invoking: MCU GCC Compiler
C:\Students\Bennyaw\SMPS\H-Bridge\H_BridgeDriver\Debug
arm-none-eabi-gcc -mcpu=cortex-m3 -mthumb -mfloat-abi=soft '-D__weak=__attribute__((weak))' '-D__packed=__attribute__((__packed__))' -DUSE_HAL_DRIVER -DSTM32F103xB -I"C:/Students/Bennyaw/SMPS/H-Bridge/H_BridgeDriver/Inc" -I"C:/Students/Bennyaw/SMPS/H-Bridge/H_BridgeDriver/Drivers/STM32F1xx_HAL_Driver/Inc" -I"C:/Students/Bennyaw/SMPS/H-Bridge/H_BridgeDriver/Drivers/STM32F1xx_HAL_Driver/Inc/Legacy" -I"C:/Students/Bennyaw/SMPS/H-Bridge/H_BridgeDriver/Drivers/CMSIS/Device/ST/STM32F1xx/Include" -I"C:/Students/Bennyaw/SMPS/H-Bridge/H_BridgeDriver/Drivers/CMSIS/Include"  -Og -g3 -Wall -fmessage-length=0 -ffunction-sections -c -fmessage-length=0 -MMD -MP -MF"Src/main.d" -MT"Src/main.o" -o "Src/main.o" "../Src/main.c"
Finished building: ../Src/main.c
 
Building target: H_BridgeDriver.elf
Invoking: MCU GCC Linker
arm-none-eabi-gcc -mcpu=cortex-m3 -mthumb -mfloat-abi=soft -specs=nosys.specs -specs=nano.specs -T"../STM32F103C8Tx_FLASH.ld" -Wl,-Map=output.map -Wl,--gc-sections -o "H_BridgeDriver.elf" @"objects.list"   -lm
Finished building target: H_BridgeDriver.elf
 
make --no-print-directory post-build
Generating hex and Printing size information:
arm-none-eabi-objcopy -O ihex "H_BridgeDriver.elf" "H_BridgeDriver.hex"
arm-none-eabi-size "H_BridgeDriver.elf"
   text	   data	    bss	    dec	    hex	filename
   9896	     32	   1792	  11720	   2dc8	H_BridgeDriver.elf
 
18:06:03 **** Incremental Build of configuration Debug for project H_BridgeDriver ****
make all 
Building file: ../Src/main.c
Invoking: MCU GCC Compiler
C:\Students\Bennyaw\SMPS\H-Bridge\H_BridgeDriver\Debug
arm-none-eabi-gcc -mcpu=cortex-m3 -mthumb -mfloat-abi=soft '-D__weak=__attribute__((weak))' '-D__packed=__attribute__((__packed__))' -DUSE_HAL_DRIVER -DSTM32F103xB -I"C:/Students/Bennyaw/SMPS/H-Bridge/H_BridgeDriver/Inc" -I"C:/Students/Bennyaw/SMPS/H-Bridge/H_BridgeDriver/Drivers/STM32F1xx_HAL_Driver/Inc" -I"C:/Students/Bennyaw/SMPS/H-Bridge/H_BridgeDriver/Drivers/STM32F1xx_HAL_Driver/Inc/Legacy" -I"C:/Students/Bennyaw/SMPS/H-Bridge/H_BridgeDriver/Drivers/CMSIS/Device/ST/STM32F1xx/Include" -I"C:/Students/Bennyaw/SMPS/H-Bridge/H_BridgeDriver/Drivers/CMSIS/Include"  -Og -g3 -Wall -fmessage-length=0 -ffunction-sections -c -fmessage-length=0 -MMD -MP -MF"Src/main.d" -MT"Src/main.o" -o "Src/main.o" "../Src/main.c"
Finished building: ../Src/main.c
 
Building target: H_BridgeDriver.elf
Invoking: MCU GCC Linker
arm-none-eabi-gcc -mcpu=cortex-m3 -mthumb -mfloat-abi=soft -specs=nosys.specs -specs=nano.specs -T"../STM32F103C8Tx_FLASH.ld" -Wl,-Map=output.map -Wl,--gc-sections -o "H_BridgeDriver.elf" @"objects.list"   -lm
Finished building target: H_BridgeDriver.elf
 
make --no-print-directory post-build
Generating hex and Printing size information:
arm-none-eabi-objcopy -O ihex "H_BridgeDriver.elf" "H_BridgeDriver.hex"
arm-none-eabi-size "H_BridgeDriver.elf"
   text	   data	    bss	    dec	    hex	filename
   9904	     32	   1792	  11728	   2dd0	H_BridgeDriver.elf
 
